[17:34:39][no_game_date][countrytag.cpp:126]: SWE - is not in the tag list
[17:34:39][no_game_date][countrytag.cpp:126]: NOR - is not in the tag list
[17:34:39][no_game_date][countrytag.cpp:126]: FIN - is not in the tag list
[17:34:39][no_game_date][countrytag.cpp:126]: DEN - is not in the tag list
[17:34:39][no_game_date][countrytag.cpp:126]: ICE - is not in the tag list
[17:34:39][no_game_date][countrytag.cpp:126]: SPR - is not in the tag list
[17:34:39][no_game_date][countrytag.cpp:126]: ITA - is not in the tag list
[17:34:39][no_game_date][countrytag.cpp:126]: SWI - is not in the tag list
[17:34:39][no_game_date][countrytag.cpp:126]: HOL - is not in the tag list
[17:34:39][no_game_date][countrytag.cpp:126]: BEL - is not in the tag list
[17:34:39][no_game_date][countrytag.cpp:126]: LUX - is not in the tag list
[17:34:39][no_game_date][countrytag.cpp:126]: AUS - is not in the tag list
[17:34:39][no_game_date][countrytag.cpp:126]: CZE - is not in the tag list
[17:34:39][no_game_date][countrytag.cpp:126]: YUG - is not in the tag list
[17:34:39][no_game_date][countrytag.cpp:126]: ALB - is not in the tag list
[17:34:39][no_game_date][countrytag.cpp:126]: HUN - is not in the tag list
[17:34:39][no_game_date][countrytag.cpp:126]: GRE - is not in the tag list
[17:34:39][no_game_date][countrytag.cpp:126]: BUL - is not in the tag list
[17:34:39][no_game_date][countrytag.cpp:126]: ROM - is not in the tag list
[17:34:39][no_game_date][countrytag.cpp:126]: POL - is not in the tag list
[17:34:39][no_game_date][countrytag.cpp:126]: GER - is not in the tag list
[17:34:39][no_game_date][countrytag.cpp:126]: LIT - is not in the tag list
[17:34:39][no_game_date][countrytag.cpp:126]: LAT - is not in the tag list
[17:34:39][no_game_date][countrytag.cpp:126]: EST - is not in the tag list
[17:34:39][no_game_date][countrytag.cpp:126]: FIN - is not in the tag list
[17:34:39][no_game_date][countrytag.cpp:126]: SWE - is not in the tag list
[17:34:39][no_game_date][countrytag.cpp:126]: NOR - is not in the tag list
[17:34:39][no_game_date][countrytag.cpp:126]: DEN - is not in the tag list
[17:34:39][no_game_date][countrytag.cpp:126]: CHI - is not in the tag list
[17:34:39][no_game_date][countrytag.cpp:126]: GXC - is not in the tag list
[17:34:39][no_game_date][countrytag.cpp:126]: YUN - is not in the tag list
[17:34:39][no_game_date][countrytag.cpp:126]: SHX - is not in the tag list
[17:34:39][no_game_date][countrytag.cpp:126]: XSM - is not in the tag list
[17:34:39][no_game_date][countrytag.cpp:126]: SIK - is not in the tag list
[17:34:39][no_game_date][countrytag.cpp:126]: GDC - is not in the tag list
[17:34:39][no_game_date][countrytag.cpp:126]: SND - is not in the tag list
[17:34:39][no_game_date][countrytag.cpp:126]: SIC - is not in the tag list
[17:34:39][no_game_date][countrytag.cpp:126]: NXM - is not in the tag list
[17:34:39][no_game_date][countrytag.cpp:126]: GSM - is not in the tag list
[17:34:39][no_game_date][countrytag.cpp:126]: XIC - is not in the tag list
[17:34:39][no_game_date][countrytag.cpp:126]: KHM - is not in the tag list
[17:34:39][no_game_date][countrytag.cpp:126]: KUM - is not in the tag list
[17:34:39][no_game_date][countrytag.cpp:126]: RNG - is not in the tag list
[17:34:39][no_game_date][countrytag.cpp:126]: GXC - is not in the tag list
[17:34:39][no_game_date][countrytag.cpp:126]: YUN - is not in the tag list
[17:34:39][no_game_date][countrytag.cpp:126]: SHX - is not in the tag list
[17:34:39][no_game_date][countrytag.cpp:126]: XSM - is not in the tag list
[17:34:39][no_game_date][countrytag.cpp:126]: SIK - is not in the tag list
[17:34:39][no_game_date][countrytag.cpp:126]: GDC - is not in the tag list
[17:34:39][no_game_date][countrytag.cpp:126]: SND - is not in the tag list
[17:34:39][no_game_date][countrytag.cpp:126]: SIC - is not in the tag list
[17:34:39][no_game_date][countrytag.cpp:126]: NXM - is not in the tag list
[17:34:39][no_game_date][countrytag.cpp:126]: GSM - is not in the tag list
[17:34:39][no_game_date][countrytag.cpp:126]: XIC - is not in the tag list
[17:34:39][no_game_date][countrytag.cpp:126]: KHM - is not in the tag list
[17:34:39][no_game_date][countrytag.cpp:126]: KUM - is not in the tag list
[17:34:39][no_game_date][countrytag.cpp:126]: HBC - is not in the tag list
[17:34:39][no_game_date][countrytag.cpp:126]: SAU - is not in the tag list
[17:34:39][no_game_date][countrytag.cpp:126]: OMA - is not in the tag list
[17:34:39][no_game_date][countrytag.cpp:126]: YEM - is not in the tag list
[17:34:39][no_game_date][countrytag.cpp:126]: IRQ - is not in the tag list
[17:34:39][no_game_date][countrytag.cpp:126]: FSA - is not in the tag list
[17:34:39][no_game_date][countrytag.cpp:126]: JOR - is not in the tag list
[17:34:39][no_game_date][countrytag.cpp:126]: PAL - is not in the tag list
[17:34:39][no_game_date][countrytag.cpp:126]: SYR - is not in the tag list
[17:34:39][no_game_date][countrytag.cpp:126]: LEB - is not in the tag list
[17:34:39][no_game_date][countrytag.cpp:126]: TUR - is not in the tag list
[17:34:39][no_game_date][countrytag.cpp:126]: QAT - is not in the tag list
[17:34:39][no_game_date][countrytag.cpp:126]: BHR - is not in the tag list
[17:34:39][no_game_date][countrytag.cpp:126]: UAE - is not in the tag list
[17:34:39][no_game_date][countrytag.cpp:126]: EGY - is not in the tag list
[17:34:39][no_game_date][countrytag.cpp:126]: SUD - is not in the tag list
[17:34:39][no_game_date][countrytag.cpp:126]: LBA - is not in the tag list
[17:34:39][no_game_date][countrytag.cpp:126]: ALG - is not in the tag list
[17:34:39][no_game_date][countrytag.cpp:126]: MOR - is not in the tag list
[17:34:39][no_game_date][countrytag.cpp:126]: RIF - is not in the tag list
[17:34:39][no_game_date][countrytag.cpp:126]: MAL - is not in the tag list
[17:34:39][no_game_date][countrytag.cpp:126]: INS - is not in the tag list
[17:34:39][no_game_date][countrytag.cpp:126]: MLD - is not in the tag list
[17:34:39][no_game_date][countrytag.cpp:126]: BAN - is not in the tag list
[17:34:39][no_game_date][countrytag.cpp:126]: PAK - is not in the tag list
[17:34:39][no_game_date][countrytag.cpp:126]: WES - is not in the tag list
[17:34:39][no_game_date][countrytag.cpp:126]: MRT - is not in the tag list
[17:34:39][no_game_date][countrytag.cpp:126]: SOK - is not in the tag list
[17:34:39][no_game_date][countrytag.cpp:126]: MLI - is not in the tag list
[17:34:39][no_game_date][countrytag.cpp:126]: NGR - is not in the tag list
[17:34:39][no_game_date][countrytag.cpp:126]: NGA - is not in the tag list
[17:34:39][no_game_date][countrytag.cpp:126]: SOM - is not in the tag list
[17:34:39][no_game_date][countrytag.cpp:126]: AFA - is not in the tag list
[17:34:39][no_game_date][countrytag.cpp:126]: AZR - is not in the tag list
[17:34:39][no_game_date][countrytag.cpp:126]: DAG - is not in the tag list
[17:34:39][no_game_date][countrytag.cpp:126]: CIN - is not in the tag list
[17:34:39][no_game_date][countrytag.cpp:126]: ALB - is not in the tag list
[17:34:39][no_game_date][countrytag.cpp:126]: TAT - is not in the tag list
[17:34:39][no_game_date][countrytag.cpp:126]: BSK - is not in the tag list
[17:34:39][no_game_date][countrytag.cpp:126]: BUK - is not in the tag list
[17:34:39][no_game_date][countrytag.cpp:126]: KHI - is not in the tag list
[17:34:39][no_game_date][countrytag.cpp:126]: UZB - is not in the tag list
[17:34:39][no_game_date][countrytag.cpp:126]: KAZ - is not in the tag list
[17:34:39][no_game_date][countrytag.cpp:126]: TAJ - is not in the tag list
[17:34:39][no_game_date][countrytag.cpp:126]: KYR - is not in the tag list
[17:34:39][no_game_date][countrytag.cpp:126]: TMS - is not in the tag list
[17:34:39][no_game_date][countrytag.cpp:126]: KKP - is not in the tag list
[17:34:39][no_game_date][countrytag.cpp:126]: SIN - is not in the tag list
[17:34:39][no_game_date][countrytag.cpp:126]: KAS - is not in the tag list
[17:34:39][no_game_date][countrytag.cpp:126]: CRI - is not in the tag list
[17:34:39][no_game_date][countrytag.cpp:126]: KOS - is not in the tag list
[17:34:39][no_game_date][countrytag.cpp:126]: KUR - is not in the tag list
[17:34:39][no_game_date][countrytag.cpp:126]: BLC - is not in the tag list
[17:34:39][no_game_date][countrytag.cpp:126]: IMO - is not in the tag list
[17:34:39][no_game_date][countrytag.cpp:126]: KLT - is not in the tag list
[17:34:39][no_game_date][countrytag.cpp:126]: KBK - is not in the tag list
[17:34:39][no_game_date][countrytag.cpp:126]: DJI - is not in the tag list
[17:34:39][no_game_date][countrytag.cpp:126]: SEN - is not in the tag list
[17:34:39][no_game_date][countrytag.cpp:126]: GAM - is not in the tag list
[17:34:39][no_game_date][countrytag.cpp:126]: GNB - is not in the tag list
[17:34:39][no_game_date][countrytag.cpp:126]: SIE - is not in the tag list
[17:34:39][no_game_date][countrytag.cpp:126]: VOL - is not in the tag list
[17:34:39][no_game_date][countrytag.cpp:126]: GNA - is not in the tag list
[17:34:39][no_game_date][countrytag.cpp:126]: XSM - is not in the tag list
[17:34:39][no_game_date][countrytag.cpp:126]: SIK - is not in the tag list
[17:34:39][no_game_date][countrytag.cpp:126]: KHM - is not in the tag list
[17:34:39][no_game_date][countrytag.cpp:126]: GSM - is not in the tag list
[17:34:39][no_game_date][countrytag.cpp:126]: NXM - is not in the tag list
[17:34:39][no_game_date][countrytag.cpp:126]: KUM - is not in the tag list
[17:34:39][no_game_date][countrytag.cpp:126]: SAB - is not in the tag list
[17:34:39][no_game_date][countrytag.cpp:126]: BRN - is not in the tag list
[17:34:39][no_game_date][countrytag.cpp:126]: CHM - is not in the tag list
[17:34:39][no_game_date][countrytag.cpp:126]: AFG - is not in the tag list